[1.914s] colcon DEBUG Command line arguments: ['C:\\opt\\ros\\foxy\\x64\\Scripts\\colcon', 'list', '--base-paths', 'D:\\QtProj\\tongliiz\\MzTLZ']
[1.914s] colcon DEBUG Parsed command line arguments: Namespace(base_paths=['D:\\QtProj\\tongliiz\\MzTLZ'], build_base='build', ignore_user_meta=False, log_base=None, log_level=None, main=<bound method ListVerb.main of <colcon_package_information.verb.list.ListVerb object at 0x000001E5E27C5610>>, metas=['./colcon.meta'], names_only=False, packages_above=None, packages_above_and_dependencies=None, packages_above_depth=None, packages_end=None, packages_ignore=None, packages_ignore_regex=None, packages_select=None, packages_select_build_failed=False, packages_select_by_dep=None, packages_select_regex=None, packages_select_test_failures=False, packages_skip=None, packages_skip_build_finished=False, packages_skip_by_dep=None, packages_skip_regex=None, packages_skip_test_passed=False, packages_skip_up_to=None, packages_start=None, packages_up_to=None, packages_up_to_regex=None, paths=None, paths_only=False, topological_graph=False, topological_graph_density=False, topological_graph_dot=False, topological_graph_dot_cluster=False, topological_graph_dot_include_skipped=False, topological_graph_legend=False, topological_order=False, verb_extension=<colcon_package_information.verb.list.ListVerb object at 0x000001E5E27C5610>, verb_name='list', verb_parser=<colcon_defaults.argument_parser.defaults.DefaultArgumentsDecorator object at 0x000001E5E27CE430>)
[2.456s] colcon.colcon_core.package_discovery Level 1 discover_packages(colcon_meta) check parameters
[2.457s] colcon.colcon_core.package_discovery Level 1 discover_packages(recursive) check parameters
[2.458s] colcon.colcon_core.package_discovery Level 1 discover_packages(ignore) check parameters
[2.458s] colcon.colcon_core.package_discovery Level 1 discover_packages(path) check parameters
[2.458s] colcon.colcon_core.package_discovery Level 1 discover_packages(recursive) discover
[2.458s] colcon.colcon_core.package_discovery INFO Crawling recursively for packages in 'D:\QtProj\tongliiz\MzTLZ'
[2.461s] colcon.colcon_core.package_identification Level 1 _identify(D:\QtProj\tongliiz\MzTLZ) by extensions ['ignore', 'ignore_ament_install']
[2.461s] colcon.colcon_core.package_identification Level 1 _identify(D:\QtProj\tongliiz\MzTLZ) by extension 'ignore'
[2.463s] colcon.colcon_core.package_identification Level 1 _identify(D:\QtProj\tongliiz\MzTLZ) by extension 'ignore_ament_install'
[2.463s] colcon.colcon_core.package_identification Level 1 _identify(D:\QtProj\tongliiz\MzTLZ) by extensions ['colcon_pkg']
[2.464s] colcon.colcon_core.package_identification Level 1 _identify(D:\QtProj\tongliiz\MzTLZ) by extension 'colcon_pkg'
[2.464s] colcon.colcon_core.package_identification Level 1 _identify(D:\QtProj\tongliiz\MzTLZ) by extensions ['colcon_meta']
[2.464s] colcon.colcon_core.package_identification Level 1 _identify(D:\QtProj\tongliiz\MzTLZ) by extension 'colcon_meta'
[2.466s] colcon.colcon_core.package_identification Level 1 _identify(D:\QtProj\tongliiz\MzTLZ) by extensions ['ros']
[2.466s] colcon.colcon_core.package_identification Level 1 _identify(D:\QtProj\tongliiz\MzTLZ) by extension 'ros'
[2.500s] colcon.colcon_core.package_identification Level 1 _identify(D:\QtProj\tongliiz\MzTLZ) by extensions ['cmake', 'python']
[2.501s] colcon.colcon_core.package_identification Level 1 _identify(D:\QtProj\tongliiz\MzTLZ) by extension 'cmake'
[2.751s] colcon.colcon_core.package_identification Level 1 _identify(D:\QtProj\tongliiz\MzTLZ) by extension 'python'
[2.752s] colcon.colcon_core.package_identification DEBUG Package 'D:\QtProj\tongliiz\MzTLZ' with type 'cmake' and name 'MzTLZ'
[2.752s] colcon.colcon_core.package_discovery Level 1 discover_packages(recursive) using defaults
