[1.080s] colcon DEBUG Command line arguments: ['C:\\opt\\ros\\foxy\\x64\\Scripts\\colcon', 'build', '--base-paths', 'D:\\QtProj\\tongliiz\\MzTLZ', '--packages-select', 'mz_interfaces', '--build-base', 'D:\\QtProj\\tongliiz\\build', '--install-base', 'D:\\QtProj\\tongliiz\\install']
[1.080s] colcon DEBUG Parsed command line arguments: Namespace(ament_cmake_args=None, base_paths=['D:\\QtProj\\tongliiz\\MzTLZ'], build_base='D:\\QtProj\\tongliiz\\build', catkin_cmake_args=None, catkin_skip_building_tests=False, cmake_args=None, cmake_clean_cache=False, cmake_clean_first=False, cmake_force_configure=False, cmake_target=None, cmake_target_skip_unavailable=False, continue_on_error=False, event_handlers=None, executor='parallel', ignore_user_meta=False, install_base='D:\\QtProj\\tongliiz\\install', log_base=None, log_level=None, main=<bound method BuildVerb.main of <colcon_core.verb.build.BuildVerb object at 0x000001B5BA423430>>, merge_install=False, metas=['./colcon.meta'], packages_above=None, packages_above_and_dependencies=None, packages_above_depth=None, packages_end=None, packages_ignore=None, packages_ignore_regex=None, packages_select=['mz_interfaces'], packages_select_build_failed=False, packages_select_by_dep=None, packages_select_regex=None, packages_select_test_failures=False, packages_skip=None, packages_skip_build_finished=False, packages_skip_by_dep=None, packages_skip_regex=None, packages_skip_test_passed=False, packages_skip_up_to=None, packages_start=None, packages_up_to=None, packages_up_to_regex=None, parallel_workers=8, paths=None, symlink_install=False, test_result_base=None, verb_extension=<colcon_core.verb.build.BuildVerb object at 0x000001B5BA423430>, verb_name='build', verb_parser=<colcon_defaults.argument_parser.defaults.DefaultArgumentsDecorator object at 0x000001B5BA475C10>)
[1.133s] colcon.colcon_core.package_discovery Level 1 discover_packages(colcon_meta) check parameters
[1.134s] colcon.colcon_core.package_discovery Level 1 discover_packages(recursive) check parameters
[1.134s] colcon.colcon_core.package_discovery Level 1 discover_packages(ignore) check parameters
[1.134s] colcon.colcon_core.package_discovery Level 1 discover_packages(path) check parameters
[1.134s] colcon.colcon_core.package_discovery Level 1 discover_packages(recursive) discover
[1.134s] colcon.colcon_core.package_discovery INFO Crawling recursively for packages in 'D:\QtProj\tongliiz\MzTLZ'
[1.134s] colcon.colcon_core.package_identification Level 1 _identify(D:\QtProj\tongliiz\MzTLZ) by extensions ['ignore', 'ignore_ament_install']
[1.134s] colcon.colcon_core.package_identification Level 1 _identify(D:\QtProj\tongliiz\MzTLZ) by extension 'ignore'
[1.134s] colcon.colcon_core.package_identification Level 1 _identify(D:\QtProj\tongliiz\MzTLZ) by extension 'ignore_ament_install'
[1.135s] colcon.colcon_core.package_identification Level 1 _identify(D:\QtProj\tongliiz\MzTLZ) by extensions ['colcon_pkg']
[1.135s] colcon.colcon_core.package_identification Level 1 _identify(D:\QtProj\tongliiz\MzTLZ) by extension 'colcon_pkg'
[1.135s] colcon.colcon_core.package_identification Level 1 _identify(D:\QtProj\tongliiz\MzTLZ) by extensions ['colcon_meta']
[1.135s] colcon.colcon_core.package_identification Level 1 _identify(D:\QtProj\tongliiz\MzTLZ) by extension 'colcon_meta'
[1.135s] colcon.colcon_core.package_identification Level 1 _identify(D:\QtProj\tongliiz\MzTLZ) by extensions ['ros']
[1.135s] colcon.colcon_core.package_identification Level 1 _identify(D:\QtProj\tongliiz\MzTLZ) by extension 'ros'
[1.143s] colcon.colcon_core.package_identification Level 1 _identify(D:\QtProj\tongliiz\MzTLZ) by extensions ['cmake', 'python']
[1.143s] colcon.colcon_core.package_identification Level 1 _identify(D:\QtProj\tongliiz\MzTLZ) by extension 'cmake'
[1.394s] colcon.colcon_core.package_identification Level 1 _identify(D:\QtProj\tongliiz\MzTLZ) by extension 'python'
[1.394s] colcon.colcon_core.package_identification DEBUG Package 'D:\QtProj\tongliiz\MzTLZ' with type 'cmake' and name 'MzTLZ'
[1.394s] colcon.colcon_core.package_discovery Level 1 discover_packages(recursive) using defaults
[1.399s] colcon.colcon_core.package_selection WARNING ignoring unknown package 'mz_interfaces' in --packages-select
[1.413s] colcon.colcon_core.package_selection INFO Skipping not selected package 'MzTLZ' in 'D:\QtProj\tongliiz\MzTLZ'
[1.415s] colcon.colcon_core.executor INFO Executing jobs using 'parallel' executor
[1.433s] colcon.colcon_parallel_executor.executor.parallel DEBUG run_until_complete
[1.434s] colcon.colcon_parallel_executor.executor.parallel DEBUG run_until_complete finished with '0'
[1.434s] colcon.colcon_core.event_reactor DEBUG joining thread
[1.448s] colcon.colcon_core.plugin_system INFO Skipping extension 'colcon_notification.desktop_notification.notify2': 'notify2' not found
[1.448s] colcon.colcon_core.plugin_system INFO Skipping extension 'colcon_notification.desktop_notification.notify_send': Not used on non-Linux systems
[1.448s] colcon.colcon_core.plugin_system INFO Skipping extension 'colcon_notification.desktop_notification.terminal_notifier': Not used on non-Darwin systems
[1.448s] colcon.colcon_notification.desktop_notification INFO Sending desktop notification using 'win32'
[6.541s] colcon.colcon_core.event_reactor DEBUG joined thread
[6.587s] colcon.colcon_core.plugin_system INFO Skipping extension 'colcon_core.shell.sh': Not used on Windows systems
[6.588s] colcon.colcon_core.shell INFO Creating prefix script 'D:\QtProj\tongliiz\install\local_setup.ps1'
[6.597s] colcon.colcon_core.shell INFO Creating prefix util module 'D:\QtProj\tongliiz\install\_local_setup_util_ps1.py'
[6.609s] colcon.colcon_core.shell INFO Creating prefix chain script 'D:\QtProj\tongliiz\install\setup.ps1'
[6.680s] colcon.colcon_core.shell INFO Creating prefix script 'D:\QtProj\tongliiz\install\local_setup.bat'
[6.692s] colcon.colcon_core.shell INFO Creating prefix util module 'D:\QtProj\tongliiz\install\_local_setup_util_bat.py'
[6.698s] colcon.colcon_core.shell INFO Creating prefix chain script 'D:\QtProj\tongliiz\install\setup.bat'
